
[1m[46m RUN [49m[22m [36mv4.0.15 [39m[90mC:/Users/yamadarikuto/Mycode/git-karma[39m

npx : [90mstderr[2m | tests/api/repositories.test.ts[2m > 
[22m[2mAPI /api/repositories[2m > [22m[2mPOST 
/api/repositories[2m > [22m[2mshould return 500 on internal 
server error during registration
At line:1 char:17
+ ... :CI="true"; npx vitest run tests/api/repositories.test.ts 
> test_outp ...
+                 
~~~~~~~~~~~~~~~~~~~~~~~~~~~~~~~~~~~~~~~~~~~~~~~~~~~~~~~~~
    + CategoryInfo          : NotSpecified: ([90mstderr[2m...n 
   g registration:String) [], RemoteException
    + FullyQualifiedErrorId : NativeCommandError
 
[22m[39mError registering repository: Error: Database error
    at C:/Users/yamadarikuto/Mycode/git-karma/tests/api/repositor
ies.test.ts:139:61
    at [90mfile:///C:/Users/yamadarikuto/Mycode/git-karma/[39mn
ode_modules/[4m@vitest[24m/runner/dist/index.js:145:11
    at [90mfile:///C:/Users/yamadarikuto/Mycode/git-karma/[39mn
ode_modules/[4m@vitest[24m/runner/dist/index.js:915:26
    at [90mfile:///C:/Users/yamadarikuto/Mycode/git-karma/[39mn
ode_modules/[4m@vitest[24m/runner/dist/index.js:1240:20
    at new Promise (<anonymous>)
    at runWithTimeout [90m(file:///C:/Users/yamadarikuto/Mycode/
git-karma/[39mnode_modules/[4m@vitest[24m/runner/dist/index.js
:1206:10[90m)[39m
    at [90mfile:///C:/Users/yamadarikuto/Mycode/git-karma/[39mn
ode_modules/[4m@vitest[24m/runner/dist/index.js:1650:37
    at Traces.$ [90m(file:///C:/Users/yamadarikuto/Mycode/git-ka
rma/[39mnode_modules/[4mvitest[24m/dist/chunks/traces.U4xDYhzZ
.js:115:27[90m)[39m
    at trace [90m(file:///C:/Users/yamadarikuto/Mycode/git-karma
/[39mnode_modules/[4mvitest[24m/dist/chunks/test.BT8LKgU9.js:2
39:21[90m)[39m
    at runTest [90m(file:///C:/Users/yamadarikuto/Mycode/git-kar
ma/[39mnode_modules/[4m@vitest[24m/runner/dist/index.js:1650:1
2[90m)[39m

[90mstderr[2m | tests/api/repositories.test.ts[2m > 
[22m[2mAPI /api/repositories[2m > [22m[2mGET 
/api/repositories[2m > [22m[2mshould return 500 on internal 
server error during fetching repositories
[22m[39mError fetching registered repositories: Error: 
Database error
    at C:/Users/yamadarikuto/Mycode/git-karma/tests/api/repositor
ies.test.ts:210:63
    at [90mfile:///C:/Users/yamadarikuto/Mycode/git-karma/[39mn
ode_modules/[4m@vitest[24m/runner/dist/index.js:145:11
    at [90mfile:///C:/Users/yamadarikuto/Mycode/git-karma/[39mn
ode_modules/[4m@vitest[24m/runner/dist/index.js:915:26
    at [90mfile:///C:/Users/yamadarikuto/Mycode/git-karma/[39mn
ode_modules/[4m@vitest[24m/runner/dist/index.js:1240:20
    at new Promise (<anonymous>)
    at runWithTimeout [90m(file:///C:/Users/yamadarikuto/Mycode/
git-karma/[39mnode_modules/[4m@vitest[24m/runner/dist/index.js
:1206:10[90m)[39m
    at [90mfile:///C:/Users/yamadarikuto/Mycode/git-karma/[39mn
ode_modules/[4m@vitest[24m/runner/dist/index.js:1650:37
    at Traces.$ [90m(file:///C:/Users/yamadarikuto/Mycode/git-ka
rma/[39mnode_modules/[4mvitest[24m/dist/chunks/traces.U4xDYhzZ
.js:115:27[90m)[39m
    at trace [90m(file:///C:/Users/yamadarikuto/Mycode/git-karma
/[39mnode_modules/[4mvitest[24m/dist/chunks/test.BT8LKgU9.js:2
39:21[90m)[39m
    at runTest [90m(file:///C:/Users/yamadarikuto/Mycode/git-kar
ma/[39mnode_modules/[4m@vitest[24m/runner/dist/index.js:1650:1
2[90m)[39m

 [31m笶ｯ[39m tests/api/repositories.test.ts [2m([22m[2m8 tests[22m[2m | [22m[31m2 failed[39m[2m)[22m[32m 25[2mms[22m[39m
       [32m笨・[39m should return 401 if user is not authenticated[32m 3[2mms[22m[39m
       [32m笨・[39m should return 400 if required fields are missing[32m 0[2mms[22m[39m
       [32m笨・[39m should return 409 if repository is already registered[32m 1[2mms[22m[39m
[31m       [31mﾃ・[31m should successfully register a new repository[39m[32m 7[2mms[22m[39m
       [32m笨・[39m should return 500 on internal server error during registration[32m 5[2mms[22m[39m
       [32m笨・[39m should return 401 if user is not authenticated[32m 0[2mms[22m[39m
[31m       [31mﾃ・[31m should return a list of registered repositories for an authenticated user[39m[32m 3[2mms[22m[39m
       [32m笨・[39m should return 500 on internal server error during fetching repositories[32m 1[2mms[22m[39m

[31m竡ｯ竡ｯ竡ｯ竡ｯ竡ｯ竡ｯ竡ｯ[39m[1m[41m Failed Tests 2 
[49m[22m[31m竡ｯ竡ｯ竡ｯ竡ｯ竡ｯ竡ｯ竡ｯ[39m

[41m[1m FAIL [22m[49m tests/api/repositories.test.ts[2m > 
[22mAPI /api/repositories[2m > [22mPOST /api/repositories[2m 
> [22mshould successfully register a new repository
[31m[1mAssertionError[22m: expected { Object (id, githubId, 
...) } to deeply equal { Object (id, githubId, ...) }[39m

[32m- Expected[39m
[31m+ Received[39m

[2m  {[22m
[32m-   "createdAt": Any<String>,[39m
[31m+   "createdAt": 2025-12-04T15:30:51.425Z,[39m
[2m    "description": "A new test repository",[22m
[2m    "fullName": "user/new-repo",[22m
[2m    "githubId": 456,[22m
[2m    "id": "newRepoId",[22m
[2m    "name": "new-repo",[22m
[2m    "registeredById": "testUserId",[22m
[32m-   "updatedAt": Any<String>,[39m
[31m+   "updatedAt": 2025-12-04T15:30:51.425Z,[39m
[2m    "url": "http://github.com/user/new-repo",[22m
[2m  }[22m

[31m[2m竡ｯ竡ｯ竡ｯ竡ｯ竡ｯ竡ｯ竡ｯ竡ｯ竡ｯ竡ｯ竡ｯ竡ｯ竡ｯ竡ｯ竡ｯ竡ｯ竡ｯ竡ｯ竡ｯ竡ｯ竡ｯ竡ｯ竡ｯ竡ｯ[1/2]竡ｯ
[22m[39m

[41m[1m FAIL [22m[49m tests/api/repositories.test.ts[2m > 
[22mAPI /api/repositories[2m > [22mGET /api/repositories[2m 
> [22mshould return a list of registered repositories for an 
authenticated user
[31m[1mAssertionError[22m: expected [ 窶ｦ(2) ] to deeply equal 
[ 窶ｦ(2) ][39m

[32m- Expected[39m
[31m+ Received[39m

[2m  [[22m
[2m    {[22m
[32m-     "createdAt": Any<String>,[39m
[31m+     "createdAt": 2025-12-04T15:30:51.438Z,[39m
[2m      "description": "A test repository",[22m
[2m      "fullName": "testuser/test-repo",[22m
[2m      "githubId": 1,[22m
[2m      "id": "repo1",[22m
[2m      "name": "repo-one",[22m
[2m      "registeredBy": ObjectContaining {[22m
[2m        "id": "testUserId",[22m
[2m      },[22m
[2m      "registeredById": "testUserId",[22m
[32m-     "updatedAt": Any<String>,[39m
[31m+     "updatedAt": 2025-12-04T15:30:51.438Z,[39m
[2m      "url": "https://github.com/testuser/test-repo",[22m
[2m    },[22m
[2m    {[22m
[32m-     "createdAt": Any<String>,[39m
[31m+     "createdAt": 2025-12-04T15:30:51.438Z,[39m
[2m      "description": "A test repository",[22m
[2m      "fullName": "testuser/test-repo",[22m
[2m      "githubId": 2,[22m
[2m      "id": "repo2",[22m
[2m      "name": "repo-two",[22m
[2m      "registeredBy": ObjectContaining {[22m
[2m        "id": "testUserId",[22m
[2m      },[22m
[2m      "registeredById": "testUserId",[22m
[32m-     "updatedAt": Any<String>,[39m
[31m+     "updatedAt": 2025-12-04T15:30:51.438Z,[39m
[2m      "url": "https://github.com/testuser/test-repo",[22m
[2m    },[22m
[2m  ][22m

[31m[2m竡ｯ竡ｯ竡ｯ竡ｯ竡ｯ竡ｯ竡ｯ竡ｯ竡ｯ竡ｯ竡ｯ竡ｯ竡ｯ竡ｯ竡ｯ竡ｯ竡ｯ竡ｯ竡ｯ竡ｯ竡ｯ竡ｯ竡ｯ竡ｯ[2/2]竡ｯ
[22m[39m


[2m Test Files [22m [1m[31m1 failed[39m[22m[90m (1)[39m
[2m      Tests [22m [1m[31m2 failed[39m[22m[2m | [22m[1m[32m6 passed[39m[22m[90m (8)[39m
[2m   Start at [22m 00:30:50
[2m   Duration [22m 1.32s[2m (transform 119ms, setup 172ms, import 174ms, tests 25ms, environment 696ms)[22m

